
> ai-todo-frontend@1.0.0 build
> vite build

[36mvite v5.4.21 [32mbuilding for production...[36m[39m
transforming...
[32mÔ£ô[39m 2874 modules transformed.
rendering chunks...
node.exe : [1m[33m[plugin:vite:reporter][39m[22m [33m[plugin 
vite:reporter] 
In Zeile:1 Zeichen:1
+ & "C:\Program Files\nodejs/node.exe" "C:\Program Files\nodejs/node_mo ...
+ ~~~~~~~~~~~~~~~~~~~~~~~~~~~~~~~~~~~~~~~~~~~~~~~~~~~~~~~~~~~~~~~~~~~~~
    + CategoryInfo          : NotSpecified: ([1m[33m[plugi...vite:reporter]  
   :String) [], RemoteException
    + FullyQualifiedErrorId : NativeCommandError
 
(!) E:/workmatch-final (1)/ai-todo-calendar/frontend/src/utils/api.js is 
dynamically imported by E:/workmatch-final 
(1)/ai-todo-calendar/frontend/src/App.jsx but also statically imported by 
E:/workmatch-final (1)/ai-todo-calendar/frontend/src/components/AIInput.jsx, 
E:/workmatch-final (1)/ai-todo-calendar/frontend/src/components/Calendar.jsx, 
E:/workmatch-final 
(1)/ai-todo-calendar/frontend/src/components/CalendarImportModal.jsx, 
E:/workmatch-final 
(1)/ai-todo-calendar/frontend/src/components/DataExportModal.jsx, 
E:/workmatch-final 
(1)/ai-todo-calendar/frontend/src/components/FocusTimer.jsx, 
E:/workmatch-final 
(1)/ai-todo-calendar/frontend/src/components/FriendsList.jsx, 
E:/workmatch-final 
(1)/ai-todo-calendar/frontend/src/components/GroupChatPanel.jsx, 
E:/workmatch-final (1)/ai-todo-calendar/frontend/src/components/HelpChat.jsx, 
E:/workmatch-final 
(1)/ai-todo-calendar/frontend/src/components/ManualTaskForm.jsx, 
E:/workmatch-final 
(1)/ai-todo-calendar/frontend/src/components/NoteActivityPanel.jsx, 
E:/workmatch-final 
(1)/ai-todo-calendar/frontend/src/components/NoteCommentsPanel.jsx, 
E:/workmatch-final 
(1)/ai-todo-calendar/frontend/src/components/NoteEditorModal.jsx, 
E:/workmatch-final 
(1)/ai-todo-calendar/frontend/src/components/NoteVersionsPanel.jsx, 
E:/workmatch-final 
(1)/ai-todo-calendar/frontend/src/components/ReminderChecker.jsx, 
E:/workmatch-final 
(1)/ai-todo-calendar/frontend/src/components/TaskAttachments.jsx, 
E:/workmatch-final 
(1)/ai-todo-calendar/frontend/src/components/TaskDetailModal.jsx, 
E:/workmatch-final 
(1)/ai-todo-calendar/frontend/src/components/TaskEditModal.jsx, 
E:/workmatch-final 
(1)/ai-todo-calendar/frontend/src/components/UpgradeModal.jsx, 
E:/workmatch-final (1)/ai-todo-calendar/frontend/src/hooks/useOpenTask.js, 
E:/workmatch-final (1)/ai-todo-calendar/frontend/src/hooks/useRealtime.js, 
E:/workmatch-final (1)/ai-todo-calendar/frontend/src/pages/CalendarPage.jsx, 
E:/workmatch-final (1)/ai-todo-calendar/frontend/src/pages/GroupsPage.jsx, 
E:/workmatch-final (1)/ai-todo-calendar/frontend/src/pages/PricingPage.jsx, 
E:/workmatch-final (1)/ai-todo-calendar/frontend/src/pages/ProfilePage.jsx, 
E:/workmatch-final (1)/ai-todo-calendar/frontend/src/pages/TaskDetailPage.jsx, 
E:/workmatch-final 
(1)/ai-todo-calendar/frontend/src/pages/UpgradeResultPage.jsx, 
E:/workmatch-final (1)/ai-todo-calendar/frontend/src/store/authStore.js, 
E:/workmatch-final (1)/ai-todo-calendar/frontend/src/store/friendsStore.js, 
E:/workmatch-final (1)/ai-todo-calendar/frontend/src/store/groupStore.js, 
E:/workmatch-final (1)/ai-todo-calendar/frontend/src/store/notesStore.js, 
E:/workmatch-final 
(1)/ai-todo-calendar/frontend/src/store/notificationStore.js, 
E:/workmatch-final (1)/ai-todo-calendar/frontend/src/store/taskStore.js, 
dynamic import will not move module into another chunk.
[39m
[1m[33m[plugin:vite:reporter][39m[22m [33m[plugin vite:reporter] 
(!) E:/workmatch-final (1)/ai-todo-calendar/frontend/src/store/groupStore.js 
is dynamically imported by E:/workmatch-final 
(1)/ai-todo-calendar/frontend/src/hooks/useRealtime.js but also statically 
imported by E:/workmatch-final 
(1)/ai-todo-calendar/frontend/src/components/GroupChatPanel.jsx, 
E:/workmatch-final (1)/ai-todo-calendar/frontend/src/components/Layout.jsx, 
E:/workmatch-final (1)/ai-todo-calendar/frontend/src/components/TaskCard.jsx, 
E:/workmatch-final 
(1)/ai-todo-calendar/frontend/src/components/TaskDetailModal.jsx, 
E:/workmatch-final (1)/ai-todo-calendar/frontend/src/pages/GroupsPage.jsx, 
E:/workmatch-final (1)/ai-todo-calendar/frontend/src/store/taskStore.js, 
dynamic import will not move module into another chunk.
[39m
[1m[33m[plugin:vite:reporter][39m[22m [33m[plugin vite:reporter] 
(!) E:/workmatch-final (1)/ai-todo-calendar/frontend/src/store/taskStore.js is 
dynamically imported by E:/workmatch-final 
(1)/ai-todo-calendar/frontend/src/hooks/useRealtime.js, E:/workmatch-final 
(1)/ai-todo-calendar/frontend/src/main.jsx, E:/workmatch-final 
(1)/ai-todo-calendar/frontend/src/main.jsx but also statically imported by 
E:/workmatch-final (1)/ai-todo-calendar/frontend/src/App.jsx, 
E:/workmatch-final (1)/ai-todo-calendar/frontend/src/components/AIInput.jsx, 
E:/workmatch-final (1)/ai-todo-calendar/frontend/src/components/Calendar.jsx, 
E:/workmatch-final 
(1)/ai-todo-calendar/frontend/src/components/CalendarImportModal.jsx, 
E:/workmatch-final 
(1)/ai-todo-calendar/frontend/src/components/CategoryManager.jsx, 
E:/workmatch-final 
(1)/ai-todo-calendar/frontend/src/components/DataExportModal.jsx, 
E:/workmatch-final 
(1)/ai-todo-calendar/frontend/src/components/DayCreateModal.jsx, 
E:/workmatch-final 
(1)/ai-todo-calendar/frontend/src/components/FeedbackToast.jsx, 
E:/workmatch-final 
(1)/ai-todo-calendar/frontend/src/components/GroupChatPanel.jsx, 
E:/workmatch-final 
(1)/ai-todo-calendar/frontend/src/components/ManualTaskForm.jsx, 
E:/workmatch-final 
(1)/ai-todo-calendar/frontend/src/components/NoteEditorModal.jsx, 
E:/workmatch-final 
(1)/ai-todo-calendar/frontend/src/components/ReminderChecker.jsx, 
E:/workmatch-final (1)/ai-todo-calendar/frontend/src/components/Sidebar.jsx, 
E:/workmatch-final 
(1)/ai-todo-calendar/frontend/src/components/TaskAttachments.jsx, 
E:/workmatch-final (1)/ai-todo-calendar/frontend/src/components/TaskCard.jsx, 
E:/workmatch-final 
(1)/ai-todo-calendar/frontend/src/components/TaskDetailModal.jsx, 
E:/workmatch-final 
(1)/ai-todo-calendar/frontend/src/components/TaskEditModal.jsx, 
E:/workmatch-final (1)/ai-todo-calendar/frontend/src/pages/CalendarPage.jsx, 
E:/workmatch-final (1)/ai-todo-calendar/frontend/src/pages/Dashboard.jsx, 
E:/workmatch-final (1)/ai-todo-calendar/frontend/src/pages/GroupsPage.jsx, 
E:/workmatch-final (1)/ai-todo-calendar/frontend/src/pages/NotesPage.jsx, 
E:/workmatch-final (1)/ai-todo-calendar/frontend/src/pages/TaskDetailPage.jsx, 
dynamic import will not move module into another chunk.
[39m
[1m[33m[plugin:vite:reporter][39m[22m [33m[plugin vite:reporter] 
(!) E:/workmatch-final 
(1)/ai-todo-calendar/frontend/src/store/notificationStore.js is dynamically 
imported by E:/workmatch-final 
(1)/ai-todo-calendar/frontend/src/store/authStore.js but also statically 
imported by E:/workmatch-final 
(1)/ai-todo-calendar/frontend/src/components/FocusTimer.jsx, 
E:/workmatch-final 
(1)/ai-todo-calendar/frontend/src/components/NotificationBell.jsx, 
E:/workmatch-final 
(1)/ai-todo-calendar/frontend/src/components/ReminderChecker.jsx, dynamic 
import will not move module into another chunk.
[39m
computing gzip size...
[2mdist/[22m[32mindex.html                                  [39m[1m[2m  2.71 kB[22m[1m[22m[2m Ôöé gzip:   1.10 kB[22m
[2mdist/[22m[35massets/TaskDetailModal-ClU0bvlw.css         [39m[1m[2m 34.77 kB[22m[1m[22m[2m Ôöé gzip:   6.48 kB[22m
[2mdist/[22m[35massets/NotesPage-DycJDRtk.css               [39m[1m[2m 39.79 kB[22m[1m[22m[2m Ôöé gzip:   8.35 kB[22m
[2mdist/[22m[35massets/index-Crf6j85P.css                   [39m[1m[2m624.03 kB[22m[1m[22m[2m Ôöé gzip: 106.53 kB[22m
[2mdist/[22m[36massets/ChatPage-DohlR_ee.js                 [39m[1m[2m  0.29 kB[22m[1m[22m[2m Ôöé gzip:   0.22 kB[22m
[2mdist/[22m[36massets/PasswordChangeConfirmed-CNw2v9o_.js  [39m[1m[2m  1.01 kB[22m[1m[22m[2m Ôöé gzip:   0.64 kB[22m
[2mdist/[22m[36massets/TaskDetailPage-RulZWzmX.js           [39m[1m[2m  1.03 kB[22m[1m[22m[2m Ôöé gzip:   0.61 kB[22m
[2mdist/[22m[36massets/UpgradeResultPage-Bt9hEuvF.js        [39m[1m[2m  3.08 kB[22m[1m[22m[2m Ôöé gzip:   1.21 kB[22m
[2mdist/[22m[36massets/HelpChat-uYsS6RdA.js                 [39m[1m[2m  3.12 kB[22m[1m[22m[2m Ôöé gzip:   1.32 kB[22m
[2mdist/[22m[36massets/TermsPage-JmUKuMKv.js                [39m[1m[2m  3.84 kB[22m[1m[22m[2m Ôöé gzip:   1.77 kB[22m
[2mdist/[22m[36massets/PrivacyPage-Ct9xvrXb.js              [39m[1m[2m  3.93 kB[22m[1m[22m[2m Ôöé gzip:   1.78 kB[22m
[2mdist/[22m[36massets/DesktopTitleBar-ZMdmoFP7.js          [39m[1m[2m  4.07 kB[22m[1m[22m[2m Ôöé gzip:   1.44 kB[22m
[2mdist/[22m[36massets/Register-Bdl2UMcU.js                 [39m[1m[2m  6.44 kB[22m[1m[22m[2m Ôöé gzip:   2.33 kB[22m
[2mdist/[22m[36massets/notesStore-N7YQ8YMg.js               [39m[1m[2m  7.56 kB[22m[1m[22m[2m Ôöé gzip:   2.19 kB[22m
[2mdist/[22m[36massets/ShareTaskSheet-C6gV946b.js           [39m[1m[2m  8.91 kB[22m[1m[22m[2m Ôöé gzip:   3.45 kB[22m
[2mdist/[22m[36massets/DayCreateModal-DdeZybdf.js           [39m[1m[2m 10.60 kB[22m[1m[22m[2m Ôöé gzip:   3.75 kB[22m
[2mdist/[22m[36massets/PricingPage-DR8IOtOp.js              [39m[1m[2m 11.98 kB[22m[1m[22m[2m Ôöé gzip:   4.13 kB[22m
[2mdist/[22m[36massets/TaskEditModal-DBhGY9Mp.js            [39m[1m[2m 22.80 kB[22m[1m[22m[2m Ôöé gzip:   6.54 kB[22m
[2mdist/[22m[36massets/vendor-date-Cz-H30Jb.js              [39m[1m[2m 28.48 kB[22m[1m[22m[2m Ôöé gzip:   8.23 kB[22m
[2mdist/[22m[36massets/ProfilePage-BtGXGEYR.js              [39m[1m[2m 35.54 kB[22m[1m[22m[2m Ôöé gzip:   9.92 kB[22m
[2mdist/[22m[36massets/NotesPage-rTey9wd9.js                [39m[1m[2m 39.46 kB[22m[1m[22m[2m Ôöé gzip:  12.34 kB[22m
[2mdist/[22m[36massets/GroupChatPanel-CgUAoKrG.js           [39m[1m[2m 40.85 kB[22m[1m[22m[2m Ôöé gzip:  11.30 kB[22m
[2mdist/[22m[36massets/GroupsPage-DxhZlu82.js               [39m[1m[2m 54.13 kB[22m[1m[22m[2m Ôöé gzip:  14.51 kB[22m
[2mdist/[22m[36massets/vendor-icons-Dix15KPw.js             [39m[1m[2m 57.03 kB[22m[1m[22m[2m Ôöé gzip:  10.19 kB[22m
[2mdist/[22m[36massets/LandingPage-CAVbX5-V.js              [39m[1m[2m 64.22 kB[22m[1m[22m[2m Ôöé gzip:  16.40 kB[22m
[2mdist/[22m[36massets/CalendarPage-CzIYiYh0.js             [39m[1m[2m 70.13 kB[22m[1m[22m[2m Ôöé gzip:  22.33 kB[22m
[2mdist/[22m[36massets/vendor-motion-DjJKIGm2.js            [39m[1m[2m115.54 kB[22m[1m[22m[2m Ôöé gzip:  38.33 kB[22m
[2mdist/[22m[36massets/TaskDetailModal-Bk8P_he_.js          [39m[1m[2m125.47 kB[22m[1m[22m[2m Ôöé gzip:  36.43 kB[22m
[2mdist/[22m[36massets/vendor-react-DjfqTX40.js             [39m[1m[2m164.70 kB[22m[1m[22m[2m Ôöé gzip:  53.74 kB[22m
[2mdist/[22m[36massets/index-vG0R07g9.js                    [39m[1m[2m213.72 kB[22m[1m[22m[2m Ôöé gzip:  59.80 kB[22m
[32mÔ£ô built in 6.45s[39m
[sw-precache] 39 URLs in dist/sw.js eingetragen.
